\BOOKMARK [1][-]{section.1}{\376\377\000I\000n\000t\000r\000o\000d\000u\000c\000t\000i\000o\000n}{}% 1
\BOOKMARK [2][-]{subsection.1.1}{\376\377\000R\000e\000p\000r\000e\000s\000e\000n\000t\000a\000t\000i\000o\000n\000\040\000a\000n\000d\000\040\000P\000r\000i\000m\000i\000t\000i\000v\000e\000\040\000O\000p\000e\000r\000a\000t\000i\000o\000n\000s}{section.1}% 2
\BOOKMARK [2][-]{subsection.1.2}{\376\377\000C\000o\000m\000p\000u\000t\000a\000t\000i\000o\000n\000a\000l\000\040\000S\000u\000b\000s\000t\000r\000a\000t\000e}{section.1}% 3
\BOOKMARK [1][-]{section.2}{\376\377\000A\000r\000c\000h\000i\000t\000e\000c\000t\000u\000r\000e}{}% 4
\BOOKMARK [2][-]{subsection.2.1}{\376\377\000A\000d\000d\000r\000e\000s\000s\000\040\000a\000n\000d\000\040\000L\000o\000g\000i\000c\000\040\000P\000l\000a\000n\000e\000s}{section.2}% 5
\BOOKMARK [3][-]{subsubsection.2.1.1}{\376\377\000T\000h\000e\000\040\000A\000d\000d\000r\000e\000s\000s\000\040\000P\000l\000a\000n\000e}{subsection.2.1}% 6
\BOOKMARK [3][-]{subsubsection.2.1.2}{\376\377\000T\000h\000e\000\040\000L\000o\000g\000i\000c\000\040\000P\000l\000a\000n\000e}{subsection.2.1}% 7
\BOOKMARK [2][-]{subsection.2.2}{\376\377\000R\000e\000p\000r\000e\000s\000e\000n\000t\000a\000t\000i\000o\000n\000a\000l\000\040\000C\000a\000p\000a\000c\000i\000t\000y}{section.2}% 8
\BOOKMARK [3][-]{subsubsection.2.2.1}{\376\377\000S\000t\000a\000t\000e\000\040\000S\000p\000a\000c\000e\000\040\000o\000f\000\040\000a\000\040\000S\000i\000n\000g\000l\000e\000\040\000V\000a\000l\000u\000e}{subsection.2.2}% 9
\BOOKMARK [3][-]{subsubsection.2.2.2}{\376\377\000S\000i\000m\000H\000a\000s\000h\000\040\000P\000r\000o\000j\000e\000c\000t\000i\000o\000n\000\040\000a\000n\000d\000\040\000C\000o\000l\000l\000i\000s\000i\000o\000n\000\040\000B\000o\000u\000n\000d\000s}{subsection.2.2}% 10
\BOOKMARK [3][-]{subsubsection.2.2.3}{\376\377\000K\000a\000d\000e\000m\000l\000i\000a\000\040\000M\000e\000t\000r\000i\000c\000\040\000f\000r\000o\000m\000\040\000A\000f\000f\000i\000n\000i\000t\000y}{subsection.2.2}% 11
\BOOKMARK [3][-]{subsubsection.2.2.4}{\376\377\000C\000a\000p\000a\000c\000i\000t\000y\000\040\000A\000m\000p\000l\000i\000f\000i\000c\000a\000t\000i\000o\000n\000\040\000T\000h\000r\000o\000u\000g\000h\000\040\000t\000h\000e\000\040\000L\000a\000y\000e\000r\000\040\000S\000t\000a\000c\000k}{subsection.2.2}% 12
\BOOKMARK [3][-]{subsubsection.2.2.5}{\376\377\000C\000o\000m\000p\000a\000r\000i\000s\000o\000n\000\040\000w\000i\000t\000h\000\040\000P\000a\000r\000a\000m\000e\000t\000e\000r\000-\000C\000o\000u\000n\000t\000\040\000S\000c\000a\000l\000i\000n\000g}{subsection.2.2}% 13
\BOOKMARK [2][-]{subsection.2.3}{\376\377\000A\000f\000f\000i\000n\000i\000t\000y\000\040\000P\000r\000o\000j\000e\000c\000t\000i\000o\000n\000\040\000a\000n\000d\000\040\000T\000o\000p\000o\000l\000o\000g\000i\000c\000a\000l\000\040\000R\000o\000u\000t\000i\000n\000g}{section.2}% 14
\BOOKMARK [3][-]{subsubsection.2.3.1}{\376\377\000T\000h\000e\000\040\000S\000h\000a\000n\000n\000o\000n\000\040\000L\000i\000m\000i\000t\000\040\000a\000n\000d\000\040\000B\000u\000n\000d\000l\000i\000n\000g\000\040\000S\000a\000t\000u\000r\000a\000t\000i\000o\000n}{subsection.2.3}% 15
\BOOKMARK [3][-]{subsubsection.2.3.2}{\376\377\000S\000i\000m\000H\000a\000s\000h\000\040\000A\000f\000f\000i\000n\000i\000t\000y\000\040\000P\000r\000o\000j\000e\000c\000t\000i\000o\000n}{subsection.2.3}% 16
\BOOKMARK [3][-]{subsubsection.2.3.3}{\376\377\000B\000l\000o\000o\000m\000\040\000F\000i\000l\000t\000e\000r\000\040\000F\000a\000l\000l\000b\000a\000c\000k}{subsection.2.3}% 17
\BOOKMARK [3][-]{subsubsection.2.3.4}{\376\377\000T\000o\000p\000o\000l\000o\000g\000i\000c\000a\000l\000\040\000A\000f\000f\000i\000n\000i\000t\000y\000\040\000C\000l\000u\000s\000t\000e\000r\000i\000n\000g}{subsection.2.3}% 18
\BOOKMARK [3][-]{subsubsection.2.3.5}{\376\377\000S\000t\000a\000t\000e\000\040\000S\000p\000a\000c\000e\000\040\000A\000n\000a\000l\000y\000s\000i\000s}{subsection.2.3}% 19
\BOOKMARK [2][-]{subsection.2.4}{\376\377\000T\000h\000e\000\040\000F\000i\000e\000l\000d\000:\000\040\000E\000m\000e\000r\000g\000e\000n\000t\000\040\000A\000t\000t\000e\000n\000t\000i\000o\000n\000\040\000v\000i\000a\000\040\000E\000i\000g\000e\000n\000m\000o\000d\000e\000\040\000S\000e\000l\000e\000c\000t\000i\000o\000n}{section.2}% 20
\BOOKMARK [3][-]{subsubsection.2.4.1}{\376\377\000A\000f\000f\000i\000n\000i\000t\000y\000\040\000C\000o\000u\000p\000l\000i\000n\000g\000:\000\040\000S\000t\000r\000u\000c\000t\000u\000r\000a\000l\000\040\000A\000l\000i\000g\000n\000m\000e\000n\000t}{subsection.2.4}% 21
\BOOKMARK [3][-]{subsubsection.2.4.2}{\376\377\000P\000h\000a\000s\000e\000\040\000C\000o\000h\000e\000r\000e\000n\000c\000e\000:\000\040\000S\000u\000r\000p\000r\000i\000s\000a\000l\000\040\000V\000e\000l\000o\000c\000i\000t\000y\000\040\000A\000l\000i\000g\000n\000m\000e\000n\000t}{subsection.2.4}% 22
\BOOKMARK [3][-]{subsubsection.2.4.3}{\376\377\000E\000i\000g\000e\000n\000m\000o\000d\000e\000\040\000D\000e\000t\000e\000c\000t\000i\000o\000n}{subsection.2.4}% 23
\BOOKMARK [3][-]{subsubsection.2.4.4}{\376\377\000A\000s\000y\000m\000m\000e\000t\000r\000i\000c\000\040\000F\000i\000e\000l\000d\000\040\000P\000r\000o\000j\000e\000c\000t\000i\000o\000n}{subsection.2.4}% 24
\BOOKMARK [3][-]{subsubsection.2.4.5}{\376\377\000I\000n\000t\000e\000r\000p\000r\000e\000t\000a\000t\000i\000o\000n\000\040\000a\000s\000\040\000A\000t\000t\000e\000n\000t\000i\000o\000n}{subsection.2.4}% 25
\BOOKMARK [2][-]{subsection.2.5}{\376\377\000F\000i\000r\000m\000w\000a\000r\000e\000\040\000C\000h\000a\000i\000n\000i\000n\000g\000\040\000a\000n\000d\000\040\000P\000r\000o\000g\000r\000a\000m\000\040\000C\000o\000m\000p\000o\000s\000i\000t\000i\000o\000n}{section.2}% 26
\BOOKMARK [3][-]{subsubsection.2.5.1}{\376\377\000F\000i\000r\000m\000w\000a\000r\000e\000\040\000C\000o\000m\000p\000i\000l\000a\000t\000i\000o\000n}{subsection.2.5}% 27
\BOOKMARK [3][-]{subsubsection.2.5.2}{\376\377\000T\000h\000e\000\040\000F\000i\000r\000m\000w\000a\000r\000e\000\040\000L\000i\000b\000r\000a\000r\000y}{subsection.2.5}% 28
\BOOKMARK [3][-]{subsubsection.2.5.3}{\376\377\000F\000i\000r\000m\000w\000a\000r\000e\000\040\000C\000h\000a\000i\000n\000s\000\040\000a\000s\000\040\000P\000i\000p\000e\000l\000i\000n\000e\000s}{subsection.2.5}% 29
\BOOKMARK [3][-]{subsubsection.2.5.4}{\376\377\000S\000e\000l\000f\000-\000M\000o\000d\000i\000f\000i\000c\000a\000t\000i\000o\000n\000\040\000a\000n\000d\000\040\000P\000r\000o\000g\000r\000a\000m\000\040\000D\000i\000s\000c\000o\000v\000e\000r\000y}{subsection.2.5}% 30
\BOOKMARK [2][-]{subsection.2.6}{\376\377\000K\000a\000d\000a\000b\000r\000a\000:\000\040\000A\000f\000f\000i\000n\000i\000t\000y\000-\000R\000o\000u\000t\000e\000d\000\040\000D\000i\000s\000t\000r\000i\000b\000u\000t\000e\000d\000\040\000H\000a\000s\000h\000\040\000T\000a\000b\000l\000e}{section.2}% 31
\BOOKMARK [3][-]{subsubsection.2.6.1}{\376\377\000R\000o\000u\000t\000i\000n\000g\000\040\000A\000r\000c\000h\000i\000t\000e\000c\000t\000u\000r\000e}{subsection.2.6}% 32
\BOOKMARK [3][-]{subsubsection.2.6.2}{\376\377\000A\000f\000f\000i\000n\000i\000t\000y\000-\000B\000a\000s\000e\000d\000\040\000V\000a\000l\000u\000e\000\040\000R\000o\000u\000t\000i\000n\000g}{subsection.2.6}% 33
\BOOKMARK [3][-]{subsubsection.2.6.3}{\376\377\000A\000d\000a\000p\000t\000i\000v\000e\000\040\000P\000e\000e\000r\000\040\000S\000e\000l\000e\000c\000t\000i\000o\000n\000\040\000v\000i\000a\000\040\000M\000u\000l\000t\000i\000-\000A\000r\000m\000e\000d\000\040\000B\000a\000n\000d\000i\000t}{subsection.2.6}% 34
\BOOKMARK [3][-]{subsubsection.2.6.4}{\376\377\000G\000o\000s\000s\000i\000p\000\040\000P\000r\000o\000t\000o\000c\000o\000l\000\040\000a\000n\000d\000\040\000F\000i\000e\000l\000d\000\040\000D\000i\000g\000e\000s\000t\000s}{subsection.2.6}% 35
\BOOKMARK [3][-]{subsubsection.2.6.5}{\376\377\000R\000e\000p\000l\000i\000c\000a\000t\000i\000o\000n\000\040\000a\000n\000d\000\040\000R\000e\000d\000u\000n\000d\000a\000n\000c\000y}{subsection.2.6}% 36
\BOOKMARK [2][-]{subsection.2.7}{\376\377\000T\000h\000e\000\040\000M\000a\000r\000k\000o\000v\000T\000r\000i\000e\000\040\000S\000t\000o\000r\000e}{section.2}% 37
\BOOKMARK [3][-]{subsubsection.2.7.1}{\376\377\000D\000a\000t\000a\000\040\000S\000t\000r\000u\000c\000t\000u\000r\000e}{subsection.2.7}% 38
\BOOKMARK [3][-]{subsubsection.2.7.2}{\376\377\000L\000a\000z\000y\000\040\000D\000e\000c\000a\000y}{subsection.2.7}% 39
\BOOKMARK [3][-]{subsubsection.2.7.3}{\376\377\000S\000u\000r\000p\000r\000i\000s\000a\000l\000-\000M\000o\000d\000u\000l\000a\000t\000e\000d\000\040\000P\000l\000a\000s\000t\000i\000c\000i\000t\000y}{subsection.2.7}% 40
\BOOKMARK [3][-]{subsubsection.2.7.4}{\376\377\000A\000d\000a\000p\000t\000i\000v\000e\000\040\000S\000e\000l\000f\000-\000T\000u\000n\000i\000n\000g}{subsection.2.7}% 41
\BOOKMARK [3][-]{subsubsection.2.7.5}{\376\377\000C\000l\000a\000s\000s\000i\000f\000i\000c\000a\000t\000i\000o\000n}{subsection.2.7}% 42
\BOOKMARK [3][-]{subsubsection.2.7.6}{\376\377\000G\000e\000n\000e\000r\000a\000t\000i\000o\000n}{subsection.2.7}% 43
\BOOKMARK [3][-]{subsubsection.2.7.7}{\376\377\000C\000r\000o\000s\000s\000-\000D\000o\000m\000a\000i\000n\000\040\000P\000r\000o\000c\000r\000u\000s\000t\000e\000s\000\040\000A\000l\000i\000g\000n\000m\000e\000n\000t}{subsection.2.7}% 44
\BOOKMARK [3][-]{subsubsection.2.7.8}{\376\377\000E\000p\000i\000s\000o\000d\000i\000c\000\040\000M\000e\000m\000o\000r\000y}{subsection.2.7}% 45
\BOOKMARK [3][-]{subsubsection.2.7.9}{\376\377\000E\000x\000p\000e\000r\000i\000e\000n\000c\000e\000-\000D\000r\000i\000v\000e\000n\000\040\000L\000e\000a\000r\000n\000i\000n\000g}{subsection.2.7}% 46
\BOOKMARK [2][-]{subsection.2.8}{\376\377\000A\000l\000g\000e\000b\000r\000a\000i\000c\000\040\000S\000t\000r\000u\000c\000t\000u\000r\000e\000\040\000a\000n\000d\000\040\000G\000r\000o\000u\000p\000-\000E\000q\000u\000i\000v\000a\000r\000i\000a\000n\000t\000\040\000C\000o\000m\000p\000u\000t\000a\000t\000i\000o\000n}{section.2}% 47
\BOOKMARK [2][-]{subsection.2.9}{\376\377\000D\000e\000t\000e\000r\000m\000i\000n\000i\000s\000t\000i\000c\000\040\000E\000n\000c\000o\000d\000i\000n\000g\000\040\000a\000n\000d\000\040\000C\000o\000l\000l\000i\000s\000i\000o\000n\000\040\000P\000r\000o\000p\000e\000r\000t\000i\000e\000s}{section.2}% 48
\BOOKMARK [2][-]{subsection.2.10}{\376\377\000H\000a\000r\000d\000w\000a\000r\000e\000-\000A\000c\000c\000e\000l\000e\000r\000a\000t\000e\000d\000\040\000F\000r\000a\000m\000e\000\040\000C\000o\000m\000p\000u\000t\000a\000t\000i\000o\000n}{section.2}% 49
\BOOKMARK [2][-]{subsection.2.11}{\376\377\000H\000y\000p\000e\000r\000d\000i\000m\000e\000n\000s\000i\000o\000n\000a\000l\000\040\000C\000o\000m\000p\000u\000t\000i\000n\000g\000\040\000a\000n\000d\000\040\000V\000e\000c\000t\000o\000r\000\040\000S\000y\000m\000b\000o\000l\000i\000c\000\040\000A\000r\000c\000h\000i\000t\000e\000c\000t\000u\000r\000e\000s}{section.2}% 50
\BOOKMARK [2][-]{subsection.2.12}{\376\377\000M\000a\000n\000i\000f\000o\000l\000d\000\040\000C\000a\000p\000a\000c\000i\000t\000y\000\040\000a\000n\000d\000\040\000R\000e\000p\000r\000e\000s\000e\000n\000t\000a\000t\000i\000o\000n\000\040\000G\000e\000o\000m\000e\000t\000r\000y}{section.2}% 51
\BOOKMARK [2][-]{subsection.2.13}{\376\377\000N\000e\000u\000r\000o\000-\000V\000e\000c\000t\000o\000r\000-\000S\000y\000m\000b\000o\000l\000i\000c\000\040\000A\000r\000c\000h\000i\000t\000e\000c\000t\000u\000r\000e\000s\000\040\000a\000n\000d\000\040\000H\000D\000\040\000C\000o\000m\000p\000u\000t\000i\000n\000g\000\040\000H\000a\000r\000d\000w\000a\000r\000e}{section.2}% 52
\BOOKMARK [2][-]{subsection.2.14}{\376\377\000T\000o\000p\000o\000l\000o\000g\000i\000c\000a\000l\000\040\000B\000o\000o\000l\000e\000a\000n\000\040\000N\000e\000t\000w\000o\000r\000k\000s\000\040\000a\000n\000d\000\040\000M\000a\000n\000i\000f\000o\000l\000d\000\040\000S\000t\000r\000u\000c\000t\000u\000r\000e}{section.2}% 53
\BOOKMARK [2][-]{subsection.2.15}{\376\377\000T\000o\000p\000o\000l\000o\000g\000i\000c\000a\000l\000\040\000M\000e\000t\000h\000o\000d\000s\000\040\000a\000n\000d\000\040\000H\000i\000g\000h\000e\000r\000-\000O\000r\000d\000e\000r\000\040\000S\000t\000r\000u\000c\000t\000u\000r\000e}{section.2}% 54
\BOOKMARK [2][-]{subsection.2.16}{\376\377\000S\000e\000q\000u\000e\000n\000c\000e\000\040\000E\000n\000c\000o\000d\000i\000n\000g\000\040\000a\000n\000d\000\040\000T\000r\000a\000n\000s\000i\000t\000i\000o\000n\000\040\000G\000e\000o\000m\000e\000t\000r\000y}{section.2}% 55
\BOOKMARK [3][-]{subsubsection.2.16.1}{\376\377\000L\000F\000S\000R\000\040\000S\000e\000q\000u\000e\000n\000c\000e\000\040\000G\000e\000n\000e\000r\000a\000t\000o\000r}{subsection.2.16}% 56
\BOOKMARK [3][-]{subsubsection.2.16.2}{\376\377\000T\000r\000a\000n\000s\000i\000t\000i\000o\000n\000\040\000M\000o\000t\000o\000r\000s}{subsection.2.16}% 57
\BOOKMARK [3][-]{subsubsection.2.16.3}{\376\377\000S\000e\000q\000u\000e\000n\000c\000e\000\040\000P\000o\000s\000i\000t\000i\000o\000n\000\040\000v\000i\000a\000\040\000L\000F\000S\000R\000\040\000A\000d\000v\000a\000n\000c\000e}{subsection.2.16}% 58
\BOOKMARK [2][-]{subsection.2.17}{\376\377\000U\000n\000i\000f\000i\000e\000d\000\040\000D\000a\000t\000a\040\023\000E\000x\000e\000c\000u\000t\000i\000o\000n\000\040\000A\000r\000c\000h\000i\000t\000e\000c\000t\000u\000r\000e}{section.2}% 59
\BOOKMARK [3][-]{subsubsection.2.17.1}{\376\377\000T\000h\000e\000\040\000D\000a\000t\000a\000\040\000P\000l\000a\000n\000e}{subsection.2.17}% 60
\BOOKMARK [3][-]{subsubsection.2.17.2}{\376\377\000T\000h\000e\000\040\000E\000x\000e\000c\000u\000t\000i\000o\000n\000\040\000P\000l\000a\000n\000e}{subsection.2.17}% 61
\BOOKMARK [3][-]{subsubsection.2.17.3}{\376\377\000I\000n\000t\000e\000r\000a\000c\000t\000i\000o\000n\000\040\000B\000e\000t\000w\000e\000e\000n\000\040\000P\000l\000a\000n\000e\000s}{subsection.2.17}% 62
\BOOKMARK [3][-]{subsubsection.2.17.4}{\376\377\000V\000a\000l\000u\000e\000s\000\040\000a\000s\000\040\000L\000i\000n\000k\000e\000d\000\040\000S\000e\000q\000u\000e\000n\000c\000e\000s}{subsection.2.17}% 63
\BOOKMARK [1][-]{section.3}{\376\377\000B\000l\000i\000n\000d\000\040\000c\000l\000a\000s\000s\000i\000f\000i\000c\000a\000t\000i\000o\000n}{}% 64
\BOOKMARK [2][-]{subsection.3.1}{\376\377\000B\000l\000i\000n\000d\000\040\000C\000l\000a\000s\000s\000i\000f\000i\000c\000a\000t\000i\000o\000n}{section.3}% 65
\BOOKMARK [1][-]{section.4}{\376\377\000C\000l\000a\000s\000s\000i\000f\000i\000c\000a\000t\000i\000o\000n}{}% 66
\BOOKMARK [2][-]{subsection.4.1}{\376\377\000T\000e\000x\000t\000\040\000C\000l\000a\000s\000s\000i\000f\000i\000c\000a\000t\000i\000o\000n}{section.4}% 67
\BOOKMARK [1][-]{section.5}{\376\377\000C\000o\000d\000e\000g\000e\000n}{}% 68
\BOOKMARK [1][-]{section.6}{\376\377\000I\000m\000a\000g\000e\000g\000e\000n}{}% 69
\BOOKMARK [1][-]{section.7}{\376\377\000L\000o\000g\000i\000c}{}% 70
\BOOKMARK [2][-]{subsection.7.1}{\376\377\000b\000A\000b\000I\000\040\000Q\000A\000\040\000T\000a\000s\000k\000\040\0001\000:\000\040\000S\000i\000n\000g\000l\000e\000\040\000S\000u\000p\000p\000o\000r\000t\000i\000n\000g\000\040\000F\000a\000c\000t}{section.7}% 71
\BOOKMARK [1][-]{section.8}{\376\377\000M\000i\000s\000c}{}% 72
\BOOKMARK [1][-]{section.9}{\376\377\000P\000h\000a\000s\000e\000d\000i\000a\000l}{}% 73
\BOOKMARK [1][-]{section.10}{\376\377\000S\000c\000a\000l\000i\000n\000g}{}% 74
\BOOKMARK [1][-]{section.11}{\376\377\000T\000e\000x\000t\000g\000e\000n}{}% 75
\BOOKMARK [1][-]{section.12}{\376\377\000D\000i\000s\000c\000u\000s\000s\000i\000o\000n}{}% 76
\BOOKMARK [2][-]{subsection.12.1}{\376\377\000W\000h\000a\000t\000\040\000C\000u\000r\000r\000e\000n\000t\000\040\000E\000v\000i\000d\000e\000n\000c\000e\000\040\000S\000u\000p\000p\000o\000r\000t\000s}{section.12}% 77
\BOOKMARK [2][-]{subsection.12.2}{\376\377\000K\000n\000o\000w\000n\000\040\000L\000i\000m\000i\000t\000a\000t\000i\000o\000n\000s}{section.12}% 78
\BOOKMARK [2][-]{subsection.12.3}{\376\377\000D\000i\000r\000e\000c\000t\000i\000o\000n\000s\000\040\000f\000o\000r\000\040\000F\000u\000t\000u\000r\000e\000\040\000W\000o\000r\000k}{section.12}% 79
\BOOKMARK [1][-]{section.13}{\376\377\000C\000o\000n\000c\000l\000u\000s\000i\000o\000n}{}% 80
\BOOKMARK [1][-]{section.14}{\376\377\000R\000e\000l\000a\000t\000e\000d\000\040\000W\000o\000r\000k}{}% 81
